[36mvite v6.3.5 [32mbuilding for production...[36m[39m
transforming...
[32mΓ£ô[39m 2053 modules transformed.
node : [31mΓ£ù[39m Build failed in 3.88s
At line:1 char:1
+ node node_modules/vite/bin/vite.js build > build_output.log 2>&1
+ ~~~~~~~~~~~~~~~~~~~~~~~~~~~~~~~~~~~~~~~~~~~~~~~~~~~~~~~~~~~~~~~~
    + CategoryInfo          : NotSpecified: ([31mΓ£ù[39m Build failed in 3.88s:String) [], RemoteException
    + FullyQualifiedErrorId : NativeCommandError
 
[31merror during build:
[31msrc/app/screens/ProfileScreen.tsx (6:9): "signOut" is not exported by "src/services/authService.ts", imported by 
"src/app/screens/ProfileScreen.tsx".[31m
file: [36mC:/Users/User/Downloads/Campus Lost & Found App/src/app/screens/ProfileScreen.tsx:6:9[31m
[33m
4: import { useNavigate } from "react-router";
5: import { useAuth } from "../../hooks/useAuth";
6: import { signOut } from "../../services/authService";
            ^
7: import { useItems } from "../../hooks/useItems";
8: import { ItemCard } from "../components/design-system/ItemCard";
[31m
    at getRollupError 
(file:///C:/Users/User/Downloads/Campus%20Lost%20&%20Found%20App/node_modules/rollup/dist/es/shared/parseAst.js:406:41)
    at error 
(file:///C:/Users/User/Downloads/Campus%20Lost%20&%20Found%20App/node_modules/rollup/dist/es/shared/parseAst.js:402:42)
    at Module.error (file:///C:/Users/User/Downloads/Campus%20Lost%20&%20Found%20App/node_modules/rollup/dist/es/shared
/node-entry.js:17380:16)
    at Module.traceVariable (file:///C:/Users/User/Downloads/Campus%20Lost%20&%20Found%20App/node_modules/rollup/dist/e
s/shared/node-entry.js:17813:29)
    at ModuleScope.findVariable (file:///C:/Users/User/Downloads/Campus%20Lost%20&%20Found%20App/node_modules/rollup/di
st/es/shared/node-entry.js:15403:39)
    at ReturnValueScope.findVariable (file:///C:/Users/User/Downloads/Campus%20Lost%20&%20Found%20App/node_modules/roll
up/dist/es/shared/node-entry.js:5676:38)
    at FunctionBodyScope.findVariable (file:///C:/Users/User/Downloads/Campus%20Lost%20&%20Found%20App/node_modules/rol
lup/dist/es/shared/node-entry.js:5676:38)
    at ReturnValueScope.findVariable (file:///C:/Users/User/Downloads/Campus%20Lost%20&%20Found%20App/node_modules/roll
up/dist/es/shared/node-entry.js:5676:38)
    at FunctionBodyScope.findVariable (file:///C:/Users/User/Downloads/Campus%20Lost%20&%20Found%20App/node_modules/rol
lup/dist/es/shared/node-entry.js:5676:38)
    at BlockScope.findVariable (file:///C:/Users/User/Downloads/Campus%20Lost%20&%20Found%20App/node_modules/rollup/dis
t/es/shared/node-entry.js:5676:38)[39m
