src/app/components/design-system/Button.tsx(27,8): error TS2322: Type '{ children: string | number | bigint | boolean | Iterable<ReactNode> | Promise<AwaitedReactNode> | Element | null | undefined; ... 288 more ...; disabled: boolean | undefined; }' is not assignable to type 'Omit<HTMLMotionProps<"button">, "ref">'.
  Types of property 'onDrag' are incompatible.
    Type 'DragEventHandler<HTMLButtonElement> | undefined' is not assignable to type '((event: PointerEvent | MouseEvent | TouchEvent, info: PanInfo) => void) | undefined'.
      Type 'DragEventHandler<HTMLButtonElement>' is not assignable to type '(event: PointerEvent | MouseEvent | TouchEvent, info: PanInfo) => void'.
        Types of parameters 'event' and 'event' are incompatible.
          Type 'PointerEvent | MouseEvent | TouchEvent' is not assignable to type 'DragEvent<HTMLButtonElement>'.
            Type 'PointerEvent' is missing the following properties from type 'DragEvent<HTMLButtonElement>': dataTransfer, nativeEvent, isDefaultPrevented, isPropagationStopped, persist
src/app/components/design-system/Input.tsx(27,12): error TS2322: Type '{ accept?: string | undefined; alt?: string | undefined; autoComplete?: HTMLInputAutoCompleteAttribute | undefined; capture?: boolean | "environment" | "user" | undefined; ... 306 more ...; className: string; }' is not assignable to type 'Omit<HTMLMotionProps<"input">, "ref">'.
  Types of property 'onDrag' are incompatible.
    Type 'DragEventHandler<HTMLInputElement> | undefined' is not assignable to type '((event: PointerEvent | MouseEvent | TouchEvent, info: PanInfo) => void) | undefined'.
      Type 'DragEventHandler<HTMLInputElement>' is not assignable to type '(event: PointerEvent | MouseEvent | TouchEvent, info: PanInfo) => void'.
        Types of parameters 'event' and 'event' are incompatible.
          Type 'PointerEvent | MouseEvent | TouchEvent' is not assignable to type 'DragEvent<HTMLInputElement>'.
            Type 'PointerEvent' is missing the following properties from type 'DragEvent<HTMLInputElement>': dataTransfer, nativeEvent, isDefaultPrevented, isPropagationStopped, persist
src/app/screens/HomeScreen.tsx(153,18): error TS2322: Type '{ status: "lost" | "found"; timeAgo: string; verified: false; id?: string | undefined; title: string; description: string; imageUrl: string; type: "lost" | "found"; category: string; location: string; userId: string; createdAt?: any; }' is not assignable to type 'ItemCardProps'.
  Types of property 'id' are incompatible.
    Type 'string | undefined' is not assignable to type 'string'.
      Type 'undefined' is not assignable to type 'string'.
src/app/screens/PostItemScreen.tsx(49,5): error TS2304: Cannot find name 'setIsSubmitting'.
src/app/screens/PostItemScreen.tsx(67,7): error TS2304: Cannot find name 'setIsSubmitting'.
src/app/screens/PostItemScreen.tsx(217,22): error TS2304: Cannot find name 'isSubmitting'.
src/app/screens/PostItemScreen.tsx(219,12): error TS2304: Cannot find name 'isSubmitting'.
src/services/firebase.ts(7,23): error TS2339: Property 'env' does not exist on type 'ImportMeta'.
src/services/firebase.ts(8,27): error TS2339: Property 'env' does not exist on type 'ImportMeta'.
src/services/firebase.ts(9,26): error TS2339: Property 'env' does not exist on type 'ImportMeta'.
src/services/firebase.ts(10,30): error TS2339: Property 'env' does not exist on type 'ImportMeta'.
src/services/firebase.ts(11,34): error TS2339: Property 'env' does not exist on type 'ImportMeta'.
src/services/firebase.ts(12,22): error TS2339: Property 'env' does not exist on type 'ImportMeta'.
vite.config.ts(10,15): error TS7006: Parameter 'id' implicitly has an 'any' type.
